
Admin@DESKTOP-HGNLPEA MINGW64 /d/fayaz/3VC24CS136 (main)
$ branch
bash: branch: command not found

Admin@DESKTOP-HGNLPEA MINGW64 /d/fayaz/3VC24CS136 (main)
$ git branch
  1
  b
  b1
  b2
* main

Admin@DESKTOP-HGNLPEA MINGW64 /d/fayaz/3VC24CS136 (main)
$ git checkout b2
Switched to branch 'b2'

Admin@DESKTOP-HGNLPEA MINGW64 /d/fayaz/3VC24CS136 (b2)
$ touch mul2.c

Admin@DESKTOP-HGNLPEA MINGW64 /d/fayaz/3VC24CS136 (b2)
$ touch div2.c

Admin@DESKTOP-HGNLPEA MINGW64 /d/fayaz/3VC24CS136 (b2)
$ git add .

Admin@DESKTOP-HGNLPEA MINGW64 /d/fayaz/3VC24CS136 (b2)
$ git commit -m "2 files created"
[b2 0497f03] 2 files created
 4 files changed, 6 insertions(+)
 create mode 100644 .sub2.c.swp
 create mode 100644 add2.c
 create mode 100644 div2.c
 create mode 100644 mul2.c

Admin@DESKTOP-HGNLPEA MINGW64 /d/fayaz/3VC24CS136 (b2)
$ ls
README.md  add2.c  div2.c  mul2.c

Admin@DESKTOP-HGNLPEA MINGW64 /d/fayaz/3VC24CS136 (b2)
$ gir merge b1
bash: gir: command not found

Admin@DESKTOP-HGNLPEA MINGW64 /d/fayaz/3VC24CS136 (b2)
$ git merge b1
Already up to date.

Admin@DESKTOP-HGNLPEA MINGW64 /d/fayaz/3VC24CS136 (b2)
$ git checkout main
Switched to branch 'main'
Your branch is up to date with 'origin/main'.

Admin@DESKTOP-HGNLPEA MINGW64 /d/fayaz/3VC24CS136 (main)
$ git merge b2
Updating e4a381b..0497f03
Fast-forward
 .sub2.c.swp | Bin 0 -> 12288 bytes
 add2.c      |   6 ++++++
 div2.c      |   0
 mul2.c      |   0
 4 files changed, 6 insertions(+)
 create mode 100644 .sub2.c.swp
 create mode 100644 add2.c
 create mode 100644 div2.c
 create mode 100644 mul2.c

Admin@DESKTOP-HGNLPEA MINGW64 /d/fayaz/3VC24CS136 (main)
$ git log
commit 0497f0316171b8160976d4fb346025832fd8fa30 (HEAD -> main, b2)
Author: ctejaswini970 <ctejaswini970@gmail.com>
Date:   Wed Oct 29 06:30:04 2025 -0400

    2 files created

commit e4a381b419bb50531cd9a16335d93fdb6d60c7bc (origin/main, origin/HEAD, b1, b, 1)
Author: Syed Fayaz <fayazinamdar45@gmail.com>
Date:   Wed Oct 15 16:09:43 2025 +0530

    Delete hello.txt

commit a815a248b25e69dcede5357094d10b4b4d9132f7
Author: Syed Fayaz <fayazinamdar45@gmail.com>
Date:   Wed Oct 15 16:09:34 2025 +0530

    Delete hi.txt

commit 2c42746dfd6bb8854efc5d7967fe40e124acefc7
Author: Syed Fayaz <fayazinamdar45@gmail.com>
Date:   Wed Oct 15 16:09:25 2025 +0530

    Delete you.txt

commit de043622e2f28c4608388daa83cca296795afa34
Author: Fayazinamdar45 <fayazinamdar45@gmail.com>
Date:   Wed Oct 15 16:16:44 2025 +0530

    added 3 files

commit a6f92f4efdcfab09f0479e2456ea30a2cde4bed5
Author: Syed Fayaz <fayazinamdar45@gmail.com>
Date:   Wed Oct 15 15:41:01 2025 +0530

    Update README.md

commit 289d683da21af9fc8013ee0101d51800abcd6461
Author: Syed Fayaz <fayazinamdar45@gmail.com>
Date:   Wed Oct 15 15:06:11 2025 +0530

    Initial commit

Admin@DESKTOP-HGNLPEA MINGW64 /d/fayaz/3VC24CS136 (main)
$
